{
 "Typ": "WyJvYmplY3QiLHsiYnVja2V0X3BvbGljeV9vbmx5IjoiYm9vbCIsImNvcnMiOlsibGlzdCIsWyJvYmplY3QiLHsibWF4X2FnZV9zZWNvbmRzIjoibnVtYmVyIiwibWV0aG9kIjpbImxpc3QiLCJzdHJpbmciXSwib3JpZ2luIjpbImxpc3QiLCJzdHJpbmciXSwicmVzcG9uc2VfaGVhZGVyIjpbImxpc3QiLCJzdHJpbmciXX1dXSwiZGVmYXVsdF9ldmVudF9iYXNlZF9ob2xkIjoiYm9vbCIsImVuY3J5cHRpb24iOlsibGlzdCIsWyJvYmplY3QiLHsiZGVmYXVsdF9rbXNfa2V5X25hbWUiOiJzdHJpbmcifV1dLCJmb3JjZV9kZXN0cm95IjoiYm9vbCIsImlkIjoic3RyaW5nIiwibGFiZWxzIjpbIm1hcCIsInN0cmluZyJdLCJsaWZlY3ljbGVfcnVsZSI6WyJsaXN0IixbIm9iamVjdCIseyJhY3Rpb24iOlsic2V0IixbIm9iamVjdCIseyJzdG9yYWdlX2NsYXNzIjoic3RyaW5nIiwidHlwZSI6InN0cmluZyJ9XV0sImNvbmRpdGlvbiI6WyJzZXQiLFsib2JqZWN0Iix7ImFnZSI6Im51bWJlciIsImNyZWF0ZWRfYmVmb3JlIjoic3RyaW5nIiwiY3VzdG9tX3RpbWVfYmVmb3JlIjoic3RyaW5nIiwiZGF5c19zaW5jZV9jdXN0b21fdGltZSI6Im51bWJlciIsImRheXNfc2luY2Vfbm9uY3VycmVudF90aW1lIjoibnVtYmVyIiwibWF0Y2hlc19zdG9yYWdlX2NsYXNzIjpbImxpc3QiLCJzdHJpbmciXSwibm9uY3VycmVudF90aW1lX2JlZm9yZSI6InN0cmluZyIsIm51bV9uZXdlcl92ZXJzaW9ucyI6Im51bWJlciIsIndpdGhfc3RhdGUiOiJzdHJpbmcifV1dfV1dLCJsb2NhdGlvbiI6InN0cmluZyIsImxvZ2dpbmciOlsibGlzdCIsWyJvYmplY3QiLHsibG9nX2J1Y2tldCI6InN0cmluZyIsImxvZ19vYmplY3RfcHJlZml4Ijoic3RyaW5nIn1dXSwibmFtZSI6InN0cmluZyIsInByb2plY3QiOiJzdHJpbmciLCJyZXF1ZXN0ZXJfcGF5cyI6ImJvb2wiLCJyZXRlbnRpb25fcG9saWN5IjpbImxpc3QiLFsib2JqZWN0Iix7ImlzX2xvY2tlZCI6ImJvb2wiLCJyZXRlbnRpb25fcGVyaW9kIjoibnVtYmVyIn1dXSwic2VsZl9saW5rIjoic3RyaW5nIiwic3RvcmFnZV9jbGFzcyI6InN0cmluZyIsInVuaWZvcm1fYnVja2V0X2xldmVsX2FjY2VzcyI6ImJvb2wiLCJ1cmwiOiJzdHJpbmciLCJ2ZXJzaW9uaW5nIjpbImxpc3QiLFsib2JqZWN0Iix7ImVuYWJsZWQiOiJib29sIn1dXSwid2Vic2l0ZSI6WyJsaXN0IixbIm9iamVjdCIseyJtYWluX3BhZ2Vfc3VmZml4Ijoic3RyaW5nIiwibm90X2ZvdW5kX3BhZ2UiOiJzdHJpbmcifV1dfV0=",
 "Val": "eyJidWNrZXRfcG9saWN5X29ubHkiOnRydWUsImNvcnMiOltdLCJkZWZhdWx0X2V2ZW50X2Jhc2VkX2hvbGQiOmZhbHNlLCJlbmNyeXB0aW9uIjpbXSwiZm9yY2VfZGVzdHJveSI6bnVsbCwiaWQiOiJkcmlmdGN0bC11bml0dGVzdC0xIiwibGFiZWxzIjp7fSwibGlmZWN5Y2xlX3J1bGUiOltdLCJsb2NhdGlvbiI6IkVVIiwibG9nZ2luZyI6W10sIm5hbWUiOiJkcmlmdGN0bC11bml0dGVzdC0xIiwicHJvamVjdCI6ImVsaWUtZGV2IiwicmVxdWVzdGVyX3BheXMiOmZhbHNlLCJyZXRlbnRpb25fcG9saWN5IjpbXSwic2VsZl9saW5rIjoiaHR0cHM6Ly93d3cuZ29vZ2xlYXBpcy5jb20vc3RvcmFnZS92MS9iL2RyaWZ0Y3RsLXVuaXR0ZXN0LTEiLCJzdG9yYWdlX2NsYXNzIjoiU1RBTkRBUkQiLCJ1bmlmb3JtX2J1Y2tldF9sZXZlbF9hY2Nlc3MiOnRydWUsInVybCI6ImdzOi8vZHJpZnRjdGwtdW5pdHRlc3QtMSIsInZlcnNpb25pbmciOltdLCJ3ZWJzaXRlIjpbXX0=",
 "Err": null
}