[
 {
  "bucket_policy_only": true,
  "cors": null,
  "default_event_based_hold": false,
  "encryption": null,
  "force_destroy": null,
  "id": "driftctl-unittest-3",
  "labels": null,
  "lifecycle_rule": null,
  "location": "EU",
  "logging": null,
  "name": "driftctl-unittest-3",
  "project": "elie-dev",
  "requester_pays": false,
  "retention_policy": null,
  "self_link": "https://www.googleapis.com/storage/v1/b/driftctl-unittest-3",
  "storage_class": "STANDARD",
  "uniform_bucket_level_access": true,
  "url": "gs://driftctl-unittest-3",
  "versioning": null,
  "website": null
 },
 {
  "bucket_policy_only": true,
  "cors": null,
  "default_event_based_hold": false,
  "encryption": null,
  "force_destroy": null,
  "id": "driftctl-unittest-2",
  "labels": null,
  "lifecycle_rule": null,
  "location": "EU",
  "logging": null,
  "name": "driftctl-unittest-2",
  "project": "elie-dev",
  "requester_pays": false,
  "retention_policy": null,
  "self_link": "https://www.googleapis.com/storage/v1/b/driftctl-unittest-2",
  "storage_class": "STANDARD",
  "uniform_bucket_level_access": true,
  "url": "gs://driftctl-unittest-2",
  "versioning": null,
  "website": null
 },
 {
  "bucket_policy_only": true,
  "cors": null,
  "default_event_based_hold": false,
  "encryption": null,
  "force_destroy": null,
  "id": "driftctl-unittest-1",
  "labels": null,
  "lifecycle_rule": null,
  "location": "EU",
  "logging": null,
  "name": "driftctl-unittest-1",
  "project": "elie-dev",
  "requester_pays": false,
  "retention_policy": null,
  "self_link": "https://www.googleapis.com/storage/v1/b/driftctl-unittest-1",
  "storage_class": "STANDARD",
  "uniform_bucket_level_access": true,
  "url": "gs://driftctl-unittest-1",
  "versioning": null,
  "website": null
 }
]